--------------------------------------------------------------------------------
Release 14.7 Trace  (nt64)
Copyright (c) 1995-2013 Xilinx, Inc.  All rights reserved.

C:\Xilinx\14.7\ISE_DS\ISE\bin\nt64\unwrapped\trce.exe -intstyle ise -v 3 -s 3
-n 3 -fastpaths -xml ALU.twx ALU.ncd -o ALU.twr ALU.pcf

Design file:              ALU.ncd
Physical constraint file: ALU.pcf
Device,package,speed:     xc7a100t,csg324,C,-3 (PRODUCTION 1.10 2013-10-13)
Report level:             verbose report

Environment Variable      Effect 
--------------------      ------ 
NONE                      No environment variables were set
--------------------------------------------------------------------------------

INFO:Timing:2698 - No timing constraints found, doing default enumeration.
INFO:Timing:3412 - To improve timing, see the Timing Closure User Guide (UG612).
INFO:Timing:2752 - To get complete path coverage, use the unconstrained paths 
   option. All paths that are not constrained will be reported in the 
   unconstrained paths section(s) of the report.
INFO:Timing:3339 - The clock-to-out numbers in this timing report are based on 
   a 50 Ohm transmission line loading model.  For the details of this model, 
   and for more information on accounting for different loading conditions, 
   please see the device datasheet.



Data Sheet report:
-----------------
All values displayed in nanoseconds (ns)

Pad to Pad
---------------+---------------+---------+
Source Pad     |Destination Pad|  Delay  |
---------------+---------------+---------+
A<0>           |o1<0>          |    8.363|
A<0>           |o1<1>          |    8.177|
A<0>           |o1<2>          |    8.454|
A<0>           |o1<3>          |    8.471|
A<0>           |o1<4>          |    8.587|
A<0>           |o1<5>          |    8.351|
A<0>           |o1<6>          |    8.611|
A<0>           |o1<7>          |    8.581|
A<0>           |o2<1>          |    4.928|
A<0>           |o4<0>          |    7.489|
A<0>           |o5<0>          |    8.227|
A<0>           |o6<0>          |    7.345|
A<0>           |o7<0>          |    8.306|
A<0>           |o8<0>          |    9.406|
A<0>           |o8<1>          |    9.535|
A<0>           |o8<2>          |    9.611|
A<0>           |o8<3>          |    9.439|
A<0>           |o8<4>          |    9.514|
A<0>           |o8<5>          |    9.561|
A<0>           |o8<6>          |    9.660|
A<0>           |o8<7>          |    9.669|
A<1>           |o1<1>          |    7.930|
A<1>           |o1<2>          |    8.366|
A<1>           |o1<3>          |    8.383|
A<1>           |o1<4>          |    8.491|
A<1>           |o1<5>          |    8.255|
A<1>           |o1<6>          |    8.515|
A<1>           |o1<7>          |    8.485|
A<1>           |o2<2>          |    5.064|
A<1>           |o3<0>          |    4.556|
A<1>           |o4<1>          |    7.732|
A<1>           |o5<1>          |    7.803|
A<1>           |o6<1>          |    7.850|
A<1>           |o7<1>          |    8.143|
A<1>           |o8<0>          |   10.053|
A<1>           |o8<1>          |   10.182|
A<1>           |o8<2>          |   10.258|
A<1>           |o8<3>          |   10.086|
A<1>           |o8<4>          |   10.161|
A<1>           |o8<5>          |   10.208|
A<1>           |o8<6>          |   10.307|
A<1>           |o8<7>          |   10.316|
A<2>           |o1<2>          |    8.025|
A<2>           |o1<3>          |    8.302|
A<2>           |o1<4>          |    8.446|
A<2>           |o1<5>          |    8.210|
A<2>           |o1<6>          |    8.470|
A<2>           |o1<7>          |    8.440|
A<2>           |o2<3>          |    7.450|
A<2>           |o3<1>          |    7.645|
A<2>           |o4<2>          |    7.367|
A<2>           |o5<2>          |    6.902|
A<2>           |o6<2>          |    7.183|
A<2>           |o7<2>          |    7.285|
A<2>           |o8<0>          |    9.362|
A<2>           |o8<1>          |    9.491|
A<2>           |o8<2>          |    9.567|
A<2>           |o8<3>          |    9.395|
A<2>           |o8<4>          |    9.470|
A<2>           |o8<5>          |    9.517|
A<2>           |o8<6>          |    9.616|
A<2>           |o8<7>          |    9.625|
A<3>           |o1<3>          |    8.581|
A<3>           |o1<4>          |    8.866|
A<3>           |o1<5>          |    8.630|
A<3>           |o1<6>          |    8.890|
A<3>           |o1<7>          |    8.860|
A<3>           |o2<4>          |    6.577|
A<3>           |o3<2>          |    6.988|
A<3>           |o4<3>          |    7.935|
A<3>           |o5<3>          |    7.280|
A<3>           |o6<3>          |    7.744|
A<3>           |o7<3>          |    7.305|
A<3>           |o8<0>          |    9.609|
A<3>           |o8<1>          |    9.738|
A<3>           |o8<2>          |    9.814|
A<3>           |o8<3>          |    9.642|
A<3>           |o8<4>          |    9.717|
A<3>           |o8<5>          |    9.764|
A<3>           |o8<6>          |    9.863|
A<3>           |o8<7>          |    9.872|
A<4>           |o1<4>          |    8.639|
A<4>           |o1<5>          |    8.448|
A<4>           |o1<6>          |    8.861|
A<4>           |o1<7>          |    8.823|
A<4>           |o2<5>          |    7.658|
A<4>           |o3<3>          |    7.652|
A<4>           |o4<4>          |    7.608|
A<4>           |o5<4>          |    7.062|
A<4>           |o6<4>          |    7.324|
A<4>           |o7<4>          |    7.318|
A<4>           |o8<0>          |    9.474|
A<4>           |o8<1>          |    9.603|
A<4>           |o8<2>          |    9.679|
A<4>           |o8<3>          |    9.507|
A<4>           |o8<4>          |    9.582|
A<4>           |o8<5>          |    9.629|
A<4>           |o8<6>          |    9.728|
A<4>           |o8<7>          |    9.737|
A<5>           |o1<5>          |    8.139|
A<5>           |o1<6>          |    8.724|
A<5>           |o1<7>          |    8.687|
A<5>           |o2<6>          |    8.506|
A<5>           |o3<4>          |    8.727|
A<5>           |o4<5>          |    7.857|
A<5>           |o5<5>          |    8.416|
A<5>           |o6<5>          |    7.715|
A<5>           |o7<5>          |    8.617|
A<5>           |o8<0>          |    9.377|
A<5>           |o8<1>          |    9.506|
A<5>           |o8<2>          |    9.582|
A<5>           |o8<3>          |    9.410|
A<5>           |o8<4>          |    9.485|
A<5>           |o8<5>          |    9.532|
A<5>           |o8<6>          |    9.631|
A<5>           |o8<7>          |    9.640|
A<6>           |o1<6>          |    8.422|
A<6>           |o1<7>          |    8.417|
A<6>           |o2<7>          |    7.808|
A<6>           |o3<5>          |    7.913|
A<6>           |o4<6>          |    8.158|
A<6>           |o5<6>          |    7.790|
A<6>           |o6<6>          |    6.841|
A<6>           |o7<6>          |    7.834|
A<6>           |o8<0>          |    8.559|
A<6>           |o8<1>          |    8.688|
A<6>           |o8<2>          |    8.764|
A<6>           |o8<3>          |    8.592|
A<6>           |o8<4>          |    8.667|
A<6>           |o8<5>          |    8.714|
A<6>           |o8<6>          |    8.813|
A<6>           |o8<7>          |    8.822|
A<7>           |o1<7>          |    8.045|
A<7>           |o3<6>          |    5.130|
A<7>           |o4<7>          |    7.669|
A<7>           |o5<7>          |    6.906|
A<7>           |o6<7>          |    7.543|
A<7>           |o7<7>          |    6.997|
A<7>           |o8<0>          |    8.249|
A<7>           |o8<1>          |    8.378|
A<7>           |o8<2>          |    8.454|
A<7>           |o8<3>          |    8.282|
A<7>           |o8<4>          |    8.357|
A<7>           |o8<5>          |    8.404|
A<7>           |o8<6>          |    8.503|
A<7>           |o8<7>          |    8.512|
B<0>           |o1<0>          |    8.012|
B<0>           |o1<1>          |    7.826|
B<0>           |o1<2>          |    8.103|
B<0>           |o1<3>          |    8.120|
B<0>           |o1<4>          |    8.236|
B<0>           |o1<5>          |    8.000|
B<0>           |o1<6>          |    8.260|
B<0>           |o1<7>          |    8.230|
B<0>           |o4<0>          |    7.187|
B<0>           |o5<0>          |    7.513|
B<0>           |o6<0>          |    7.051|
B<0>           |o7<0>          |    7.596|
B<0>           |o8<0>          |    8.683|
B<0>           |o8<1>          |    8.812|
B<0>           |o8<2>          |    8.888|
B<0>           |o8<3>          |    8.716|
B<0>           |o8<4>          |    8.791|
B<0>           |o8<5>          |    8.838|
B<0>           |o8<6>          |    8.937|
B<0>           |o8<7>          |    8.946|
B<1>           |o1<1>          |    7.720|
B<1>           |o1<2>          |    8.156|
B<1>           |o1<3>          |    8.173|
B<1>           |o1<4>          |    8.281|
B<1>           |o1<5>          |    8.045|
B<1>           |o1<6>          |    8.305|
B<1>           |o1<7>          |    8.275|
B<1>           |o4<1>          |    7.195|
B<1>           |o5<1>          |    7.122|
B<1>           |o6<1>          |    7.324|
B<1>           |o7<1>          |    7.462|
B<1>           |o8<0>          |    8.829|
B<1>           |o8<1>          |    8.958|
B<1>           |o8<2>          |    9.034|
B<1>           |o8<3>          |    8.862|
B<1>           |o8<4>          |    8.937|
B<1>           |o8<5>          |    8.984|
B<1>           |o8<6>          |    9.083|
B<1>           |o8<7>          |    9.092|
B<2>           |o1<2>          |    8.286|
B<2>           |o1<3>          |    8.336|
B<2>           |o1<4>          |    8.543|
B<2>           |o1<5>          |    8.307|
B<2>           |o1<6>          |    8.567|
B<2>           |o1<7>          |    8.537|
B<2>           |o4<2>          |    7.203|
B<2>           |o5<2>          |    6.451|
B<2>           |o6<2>          |    7.027|
B<2>           |o7<2>          |    6.836|
B<2>           |o8<0>          |    9.594|
B<2>           |o8<1>          |    9.723|
B<2>           |o8<2>          |    9.799|
B<2>           |o8<3>          |    9.627|
B<2>           |o8<4>          |    9.702|
B<2>           |o8<5>          |    9.749|
B<2>           |o8<6>          |    9.848|
B<2>           |o8<7>          |    9.857|
B<3>           |o1<3>          |    7.779|
B<3>           |o1<4>          |    8.064|
B<3>           |o1<5>          |    7.828|
B<3>           |o1<6>          |    8.088|
B<3>           |o1<7>          |    8.058|
B<3>           |o4<3>          |    7.239|
B<3>           |o5<3>          |    7.070|
B<3>           |o6<3>          |    7.052|
B<3>           |o7<3>          |    7.103|
B<3>           |o8<0>          |    9.032|
B<3>           |o8<1>          |    9.161|
B<3>           |o8<2>          |    9.237|
B<3>           |o8<3>          |    9.065|
B<3>           |o8<4>          |    9.140|
B<3>           |o8<5>          |    9.187|
B<3>           |o8<6>          |    9.286|
B<3>           |o8<7>          |    9.295|
B<4>           |o1<4>          |    7.968|
B<4>           |o1<5>          |    7.777|
B<4>           |o1<6>          |    8.190|
B<4>           |o1<7>          |    8.152|
B<4>           |o4<4>          |    7.427|
B<4>           |o5<4>          |    6.776|
B<4>           |o6<4>          |    7.145|
B<4>           |o7<4>          |    7.024|
B<4>           |o8<0>          |    8.881|
B<4>           |o8<1>          |    9.010|
B<4>           |o8<2>          |    9.086|
B<4>           |o8<3>          |    8.914|
B<4>           |o8<4>          |    8.989|
B<4>           |o8<5>          |    9.036|
B<4>           |o8<6>          |    9.135|
B<4>           |o8<7>          |    9.144|
B<5>           |o1<5>          |    7.788|
B<5>           |o1<6>          |    8.360|
B<5>           |o1<7>          |    8.322|
B<5>           |o4<5>          |    7.429|
B<5>           |o5<5>          |    6.801|
B<5>           |o6<5>          |    7.283|
B<5>           |o7<5>          |    6.988|
B<5>           |o8<0>          |    8.637|
B<5>           |o8<1>          |    8.766|
B<5>           |o8<2>          |    8.842|
B<5>           |o8<3>          |    8.670|
B<5>           |o8<4>          |    8.745|
B<5>           |o8<5>          |    8.792|
B<5>           |o8<6>          |    8.891|
B<5>           |o8<7>          |    8.900|
B<6>           |o1<6>          |    7.889|
B<6>           |o1<7>          |    7.884|
B<6>           |o4<6>          |    7.570|
B<6>           |o5<6>          |    7.371|
B<6>           |o6<6>          |    6.278|
B<6>           |o7<6>          |    7.424|
B<6>           |o8<0>          |    7.983|
B<6>           |o8<1>          |    8.112|
B<6>           |o8<2>          |    8.188|
B<6>           |o8<3>          |    8.016|
B<6>           |o8<4>          |    8.091|
B<6>           |o8<5>          |    8.138|
B<6>           |o8<6>          |    8.237|
B<6>           |o8<7>          |    8.246|
B<7>           |o1<7>          |    8.131|
B<7>           |o4<7>          |    7.175|
B<7>           |o5<7>          |    7.201|
B<7>           |o6<7>          |    7.059|
B<7>           |o7<7>          |    7.292|
B<7>           |o8<0>          |    8.169|
B<7>           |o8<1>          |    8.298|
B<7>           |o8<2>          |    8.374|
B<7>           |o8<3>          |    8.202|
B<7>           |o8<4>          |    8.277|
B<7>           |o8<5>          |    8.324|
B<7>           |o8<6>          |    8.423|
B<7>           |o8<7>          |    8.432|
---------------+---------------+---------+


Analysis completed Wed Nov 25 15:50:50 2015 
--------------------------------------------------------------------------------

Trace Settings:
-------------------------
Trace Settings 

Peak Memory Usage: 615 MB



